                              1 ;--------------------------------------------------------
                              2 ; File Created by SDCC : FreeWare ANSI-C Compiler
                              3 ; Version 2.2.1 Sun Feb 03 12:02:30 2019
                              4 
                              5 ;--------------------------------------------------------
                              6 	.module lcc52240
                              7 	
                              8 ;--------------------------------------------------------
                              9 ; Public variables in this module
                             10 ;--------------------------------------------------------
                             11 	.globl _main
                             12 	.globl _jump
                             13 	.globl _wouldhitsurface
                             14 	.globl _performantdelay
                             15 	.globl _move_sprite
                             16 	.globl _set_sprite_tile
                             17 	.globl _set_sprite_data
                             18 	.globl _wait_vbl_done
                             19 	.globl _joypad
                             20 	.globl _bloke
                             21 	.globl _floorYposition
                             22 	.globl _currentspeedY
                             23 	.globl _gravity
                             24 	.globl _jumping
                             25 	.globl _playerlocation
                             26 	.globl _main
                             27 	.globl _jump
                             28 	.globl _wouldhitsurface
                             29 	.globl _performantdelay
                             30 ;--------------------------------------------------------
                             31 ; Externals used
                             32 ;--------------------------------------------------------
                             33 	.globl _IE_REG
                             34 	.globl _SVBK_REG
                             35 	.globl _OCPD_REG
                             36 	.globl _OCPS_REG
                             37 	.globl _BCPD_REG
                             38 	.globl _BCPS_REG
                             39 	.globl _RP_REG
                             40 	.globl _HDMA5_REG
                             41 	.globl _HDMA4_REG
                             42 	.globl _HDMA3_REG
                             43 	.globl _HDMA2_REG
                             44 	.globl _HDMA1_REG
                             45 	.globl _VBK_REG
                             46 	.globl _KEY1_REG
                             47 	.globl _WX_REG
                             48 	.globl _WY_REG
                             49 	.globl _OBP1_REG
                             50 	.globl _OBP0_REG
                             51 	.globl _BGP_REG
                             52 	.globl _DMA_REG
                             53 	.globl _LYC_REG
                             54 	.globl _LY_REG
                             55 	.globl _SCX_REG
                             56 	.globl _SCY_REG
                             57 	.globl _STAT_REG
                             58 	.globl _LCDC_REG
                             59 	.globl _NR52_REG
                             60 	.globl _NR51_REG
                             61 	.globl _NR50_REG
                             62 	.globl _NR44_REG
                             63 	.globl _NR43_REG
                             64 	.globl _NR42_REG
                             65 	.globl _NR41_REG
                             66 	.globl _NR34_REG
                             67 	.globl _NR33_REG
                             68 	.globl _NR32_REG
                             69 	.globl _NR31_REG
                             70 	.globl _NR30_REG
                             71 	.globl _NR24_REG
                             72 	.globl _NR23_REG
                             73 	.globl _NR22_REG
                             74 	.globl _NR21_REG
                             75 	.globl _NR14_REG
                             76 	.globl _NR13_REG
                             77 	.globl _NR12_REG
                             78 	.globl _NR11_REG
                             79 	.globl _NR10_REG
                             80 	.globl _IF_REG
                             81 	.globl _TAC_REG
                             82 	.globl _TMA_REG
                             83 	.globl _TIMA_REG
                             84 	.globl _DIV_REG
                             85 	.globl _SC_REG
                             86 	.globl _SB_REG
                             87 	.globl _P1_REG
                             88 	.globl __io_out
                             89 	.globl __io_in
                             90 	.globl __io_status
                             91 	.globl _sys_time
                             92 	.globl __cpu
                             93 ;--------------------------------------------------------
                             94 ; special function registers
                             95 ;--------------------------------------------------------
                             96 ;--------------------------------------------------------
                             97 ; special function bits 
                             98 ;--------------------------------------------------------
                             99 ;--------------------------------------------------------
                            100 ; internal ram data
                            101 ;--------------------------------------------------------
                            102 	.area _DATA
   0000                     103 _playerlocation::
   0000                     104 	.ds 2
   0002                     105 _jumping::
   0002                     106 	.ds 1
   0003                     107 _gravity::
   0003                     108 	.ds 1
   0004                     109 _currentspeedY::
   0004                     110 	.ds 1
   0005                     111 _floorYposition::
   0005                     112 	.ds 1
   0006                     113 _bloke::
   0006                     114 	.ds 128
                            115 ;--------------------------------------------------------
                            116 ; overlayable items in internal ram 
                            117 ;--------------------------------------------------------
                            118 	.area _OVERLAY
                            119 ;--------------------------------------------------------
                            120 ; indirectly addressable internal ram data
                            121 ;--------------------------------------------------------
                            122 	.area _ISEG
                            123 ;--------------------------------------------------------
                            124 ; bit data
                            125 ;--------------------------------------------------------
                            126 	.area _BSEG
                            127 ;--------------------------------------------------------
                            128 ; external ram data
                            129 ;--------------------------------------------------------
                            130 	.area _XSEG
                            131 ;--------------------------------------------------------
                            132 ; global & static initialisations
                            133 ;--------------------------------------------------------
                            134 	.area _GSINIT
                            135 	.area _GSFINAL
                            136 	.area _GSINIT
                            137 ;	main.c 99
                            138 ; genAssign
                            139 ; AOP_HL for _gravity
   0000 21 03 00            140 	ld	hl,#_gravity + 0
   0003 36 FE               141 	ld	(hl),#0xFE
                            142 ;	main.c 99
                            143 ; genAssign
                            144 ; AOP_HL for _floorYposition
   0005 21 05 00            145 	ld	hl,#_floorYposition + 0
   0008 36 64               146 	ld	(hl),#0x64
                            147 ;	main.c 99
                            148 ; genAssign (pointer)
   000A 11 06 00            149 	ld	de,#_bloke + 0
   000D 3E 00               150 	ld	a,#0x00
   000F 12                  151 	ld	(de),a
                            152 ; genPlus
                            153 ; genPlusIncr
   0010 11 07 00            154 	ld	de,#_bloke + 0 + 1
                            155 ; genAssign (pointer)
   0013 3E 00               156 	ld	a,#0x00
   0015 12                  157 	ld	(de),a
                            158 ; genPlus
                            159 ; genPlusIncr
   0016 11 08 00            160 	ld	de,#_bloke + 0 + 2
                            161 ; genAssign (pointer)
   0019 3E 38               162 	ld	a,#0x38
   001B 12                  163 	ld	(de),a
                            164 ; genPlus
                            165 ; genPlusIncr
   001C 11 09 00            166 	ld	de,#_bloke + 0 + 3
                            167 ; genAssign (pointer)
   001F 3E 38               168 	ld	a,#0x38
   0021 12                  169 	ld	(de),a
                            170 ; genPlus
                            171 ; genPlusIncr
   0022 11 0A 00            172 	ld	de,#_bloke + 0 + 4
                            173 ; genAssign (pointer)
   0025 3E 7C               174 	ld	a,#0x7C
   0027 12                  175 	ld	(de),a
                            176 ; genPlus
                            177 ; genPlusIncr
   0028 11 0B 00            178 	ld	de,#_bloke + 0 + 5
                            179 ; genAssign (pointer)
   002B 3E 44               180 	ld	a,#0x44
   002D 12                  181 	ld	(de),a
                            182 ; genPlus
                            183 ; genPlusIncr
   002E 11 0C 00            184 	ld	de,#_bloke + 0 + 6
                            185 ; genAssign (pointer)
   0031 3E 7F               186 	ld	a,#0x7F
   0033 12                  187 	ld	(de),a
                            188 ; genPlus
                            189 ; genPlusIncr
   0034 11 0D 00            190 	ld	de,#_bloke + 0 + 7
                            191 ; genAssign (pointer)
   0037 3E 7F               192 	ld	a,#0x7F
   0039 12                  193 	ld	(de),a
                            194 ; genPlus
                            195 ; genPlusIncr
   003A 11 0E 00            196 	ld	de,#_bloke + 0 + 8
                            197 ; genAssign (pointer)
   003D 3E 44               198 	ld	a,#0x44
   003F 12                  199 	ld	(de),a
                            200 ; genPlus
                            201 ; genPlusIncr
   0040 11 0F 00            202 	ld	de,#_bloke + 0 + 9
                            203 ; genAssign (pointer)
   0043 3E 74               204 	ld	a,#0x74
   0045 12                  205 	ld	(de),a
                            206 ; genPlus
                            207 ; genPlusIncr
   0046 11 10 00            208 	ld	de,#_bloke + 0 + 10
                            209 ; genAssign (pointer)
   0049 3E 46               210 	ld	a,#0x46
   004B 12                  211 	ld	(de),a
                            212 ; genPlus
                            213 ; genPlusIncr
   004C 11 11 00            214 	ld	de,#_bloke + 0 + 11
                            215 ; genAssign (pointer)
   004F 3E 7C               216 	ld	a,#0x7C
   0051 12                  217 	ld	(de),a
                            218 ; genPlus
                            219 ; genPlusIncr
   0052 11 12 00            220 	ld	de,#_bloke + 0 + 12
                            221 ; genAssign (pointer)
   0055 3E 40               222 	ld	a,#0x40
   0057 12                  223 	ld	(de),a
                            224 ; genPlus
                            225 ; genPlusIncr
   0058 11 13 00            226 	ld	de,#_bloke + 0 + 13
                            227 ; genAssign (pointer)
   005B 3E 78               228 	ld	a,#0x78
   005D 12                  229 	ld	(de),a
                            230 ; genPlus
                            231 ; genPlusIncr
   005E 11 14 00            232 	ld	de,#_bloke + 0 + 14
                            233 ; genAssign (pointer)
   0061 3E 24               234 	ld	a,#0x24
   0063 12                  235 	ld	(de),a
                            236 ; genPlus
                            237 ; genPlusIncr
   0064 11 15 00            238 	ld	de,#_bloke + 0 + 15
                            239 ; genAssign (pointer)
   0067 3E 3C               240 	ld	a,#0x3C
   0069 12                  241 	ld	(de),a
                            242 ; genPlus
                            243 ; genPlusIncr
   006A 11 16 00            244 	ld	de,#_bloke + 0 + 16
                            245 ; genAssign (pointer)
   006D 3E 18               246 	ld	a,#0x18
   006F 12                  247 	ld	(de),a
                            248 ; genPlus
                            249 ; genPlusIncr
   0070 11 17 00            250 	ld	de,#_bloke + 0 + 17
                            251 ; genAssign (pointer)
   0073 3E 3C               252 	ld	a,#0x3C
   0075 12                  253 	ld	(de),a
                            254 ; genPlus
                            255 ; genPlusIncr
   0076 11 18 00            256 	ld	de,#_bloke + 0 + 18
                            257 ; genAssign (pointer)
   0079 3E 00               258 	ld	a,#0x00
   007B 12                  259 	ld	(de),a
                            260 ; genPlus
                            261 ; genPlusIncr
   007C 11 19 00            262 	ld	de,#_bloke + 0 + 19
                            263 ; genAssign (pointer)
   007F 3E 24               264 	ld	a,#0x24
   0081 12                  265 	ld	(de),a
                            266 ; genPlus
                            267 ; genPlusIncr
   0082 11 1A 00            268 	ld	de,#_bloke + 0 + 20
                            269 ; genAssign (pointer)
   0085 3E 00               270 	ld	a,#0x00
   0087 12                  271 	ld	(de),a
                            272 ; genPlus
                            273 ; genPlusIncr
   0088 11 1B 00            274 	ld	de,#_bloke + 0 + 21
                            275 ; genAssign (pointer)
   008B 3E 24               276 	ld	a,#0x24
   008D 12                  277 	ld	(de),a
                            278 ; genPlus
                            279 ; genPlusIncr
   008E 11 1C 00            280 	ld	de,#_bloke + 0 + 22
                            281 ; genAssign (pointer)
   0091 3E 00               282 	ld	a,#0x00
   0093 12                  283 	ld	(de),a
                            284 ; genPlus
                            285 ; genPlusIncr
   0094 11 1D 00            286 	ld	de,#_bloke + 0 + 23
                            287 ; genAssign (pointer)
   0097 3E 24               288 	ld	a,#0x24
   0099 12                  289 	ld	(de),a
                            290 ; genPlus
                            291 ; genPlusIncr
   009A 11 1E 00            292 	ld	de,#_bloke + 0 + 24
                            293 ; genAssign (pointer)
   009D 3E 00               294 	ld	a,#0x00
   009F 12                  295 	ld	(de),a
                            296 ; genPlus
                            297 ; genPlusIncr
   00A0 11 1F 00            298 	ld	de,#_bloke + 0 + 25
                            299 ; genAssign (pointer)
   00A3 3E 24               300 	ld	a,#0x24
   00A5 12                  301 	ld	(de),a
                            302 ; genPlus
                            303 ; genPlusIncr
   00A6 11 20 00            304 	ld	de,#_bloke + 0 + 26
                            305 ; genAssign (pointer)
   00A9 3E 00               306 	ld	a,#0x00
   00AB 12                  307 	ld	(de),a
                            308 ; genPlus
                            309 ; genPlusIncr
   00AC 11 21 00            310 	ld	de,#_bloke + 0 + 27
                            311 ; genAssign (pointer)
   00AF 3E 36               312 	ld	a,#0x36
   00B1 12                  313 	ld	(de),a
                            314 ; genPlus
                            315 ; genPlusIncr
   00B2 11 22 00            316 	ld	de,#_bloke + 0 + 28
                            317 ; genAssign (pointer)
   00B5 3E 00               318 	ld	a,#0x00
   00B7 12                  319 	ld	(de),a
                            320 ; genPlus
                            321 ; genPlusIncr
   00B8 11 23 00            322 	ld	de,#_bloke + 0 + 29
                            323 ; genAssign (pointer)
   00BB 3E 00               324 	ld	a,#0x00
   00BD 12                  325 	ld	(de),a
                            326 ; genPlus
                            327 ; genPlusIncr
   00BE 11 24 00            328 	ld	de,#_bloke + 0 + 30
                            329 ; genAssign (pointer)
   00C1 3E 00               330 	ld	a,#0x00
   00C3 12                  331 	ld	(de),a
                            332 ; genPlus
                            333 ; genPlusIncr
   00C4 11 25 00            334 	ld	de,#_bloke + 0 + 31
                            335 ; genAssign (pointer)
   00C7 3E 00               336 	ld	a,#0x00
   00C9 12                  337 	ld	(de),a
                            338 ; genPlus
                            339 ; genPlusIncr
   00CA 11 26 00            340 	ld	de,#_bloke + 0 + 32
                            341 ; genAssign (pointer)
   00CD 3E 00               342 	ld	a,#0x00
   00CF 12                  343 	ld	(de),a
                            344 ; genPlus
                            345 ; genPlusIncr
   00D0 11 27 00            346 	ld	de,#_bloke + 0 + 33
                            347 ; genAssign (pointer)
   00D3 3E 00               348 	ld	a,#0x00
   00D5 12                  349 	ld	(de),a
                            350 ; genPlus
                            351 ; genPlusIncr
   00D6 11 28 00            352 	ld	de,#_bloke + 0 + 34
                            353 ; genAssign (pointer)
   00D9 3E 38               354 	ld	a,#0x38
   00DB 12                  355 	ld	(de),a
                            356 ; genPlus
                            357 ; genPlusIncr
   00DC 11 29 00            358 	ld	de,#_bloke + 0 + 35
                            359 ; genAssign (pointer)
   00DF 3E 38               360 	ld	a,#0x38
   00E1 12                  361 	ld	(de),a
                            362 ; genPlus
                            363 ; genPlusIncr
   00E2 11 2A 00            364 	ld	de,#_bloke + 0 + 36
                            365 ; genAssign (pointer)
   00E5 3E 7C               366 	ld	a,#0x7C
   00E7 12                  367 	ld	(de),a
                            368 ; genPlus
                            369 ; genPlusIncr
   00E8 11 2B 00            370 	ld	de,#_bloke + 0 + 37
                            371 ; genAssign (pointer)
   00EB 3E 44               372 	ld	a,#0x44
   00ED 12                  373 	ld	(de),a
                            374 ; genPlus
                            375 ; genPlusIncr
   00EE 11 2C 00            376 	ld	de,#_bloke + 0 + 38
                            377 ; genAssign (pointer)
   00F1 3E 7F               378 	ld	a,#0x7F
   00F3 12                  379 	ld	(de),a
                            380 ; genPlus
                            381 ; genPlusIncr
   00F4 11 2D 00            382 	ld	de,#_bloke + 0 + 39
                            383 ; genAssign (pointer)
   00F7 3E 7F               384 	ld	a,#0x7F
   00F9 12                  385 	ld	(de),a
                            386 ; genPlus
                            387 ; genPlusIncr
   00FA 11 2E 00            388 	ld	de,#_bloke + 0 + 40
                            389 ; genAssign (pointer)
   00FD 3E 44               390 	ld	a,#0x44
   00FF 12                  391 	ld	(de),a
                            392 ; genPlus
                            393 ; genPlusIncr
   0100 11 2F 00            394 	ld	de,#_bloke + 0 + 41
                            395 ; genAssign (pointer)
   0103 3E 74               396 	ld	a,#0x74
   0105 12                  397 	ld	(de),a
                            398 ; genPlus
                            399 ; genPlusIncr
   0106 11 30 00            400 	ld	de,#_bloke + 0 + 42
                            401 ; genAssign (pointer)
   0109 3E 46               402 	ld	a,#0x46
   010B 12                  403 	ld	(de),a
                            404 ; genPlus
                            405 ; genPlusIncr
   010C 11 31 00            406 	ld	de,#_bloke + 0 + 43
                            407 ; genAssign (pointer)
   010F 3E 7C               408 	ld	a,#0x7C
   0111 12                  409 	ld	(de),a
                            410 ; genPlus
                            411 ; genPlusIncr
   0112 11 32 00            412 	ld	de,#_bloke + 0 + 44
                            413 ; genAssign (pointer)
   0115 3E 40               414 	ld	a,#0x40
   0117 12                  415 	ld	(de),a
                            416 ; genPlus
                            417 ; genPlusIncr
   0118 11 33 00            418 	ld	de,#_bloke + 0 + 45
                            419 ; genAssign (pointer)
   011B 3E 78               420 	ld	a,#0x78
   011D 12                  421 	ld	(de),a
                            422 ; genPlus
                            423 ; genPlusIncr
   011E 11 34 00            424 	ld	de,#_bloke + 0 + 46
                            425 ; genAssign (pointer)
   0121 3E 24               426 	ld	a,#0x24
   0123 12                  427 	ld	(de),a
                            428 ; genPlus
                            429 ; genPlusIncr
   0124 11 35 00            430 	ld	de,#_bloke + 0 + 47
                            431 ; genAssign (pointer)
   0127 3E 3C               432 	ld	a,#0x3C
   0129 12                  433 	ld	(de),a
                            434 ; genPlus
                            435 ; genPlusIncr
   012A 11 36 00            436 	ld	de,#_bloke + 0 + 48
                            437 ; genAssign (pointer)
   012D 3E 18               438 	ld	a,#0x18
   012F 12                  439 	ld	(de),a
                            440 ; genPlus
                            441 ; genPlusIncr
   0130 11 37 00            442 	ld	de,#_bloke + 0 + 49
                            443 ; genAssign (pointer)
   0133 3E 3C               444 	ld	a,#0x3C
   0135 12                  445 	ld	(de),a
                            446 ; genPlus
                            447 ; genPlusIncr
   0136 11 38 00            448 	ld	de,#_bloke + 0 + 50
                            449 ; genAssign (pointer)
   0139 3E 00               450 	ld	a,#0x00
   013B 12                  451 	ld	(de),a
                            452 ; genPlus
                            453 ; genPlusIncr
   013C 11 39 00            454 	ld	de,#_bloke + 0 + 51
                            455 ; genAssign (pointer)
   013F 3E 22               456 	ld	a,#0x22
   0141 12                  457 	ld	(de),a
                            458 ; genPlus
                            459 ; genPlusIncr
   0142 11 3A 00            460 	ld	de,#_bloke + 0 + 52
                            461 ; genAssign (pointer)
   0145 3E 00               462 	ld	a,#0x00
   0147 12                  463 	ld	(de),a
                            464 ; genPlus
                            465 ; genPlusIncr
   0148 11 3B 00            466 	ld	de,#_bloke + 0 + 53
                            467 ; genAssign (pointer)
   014B 3E 22               468 	ld	a,#0x22
   014D 12                  469 	ld	(de),a
                            470 ; genPlus
                            471 ; genPlusIncr
   014E 11 3C 00            472 	ld	de,#_bloke + 0 + 54
                            473 ; genAssign (pointer)
   0151 3E 00               474 	ld	a,#0x00
   0153 12                  475 	ld	(de),a
                            476 ; genPlus
                            477 ; genPlusIncr
   0154 11 3D 00            478 	ld	de,#_bloke + 0 + 55
                            479 ; genAssign (pointer)
   0157 3E 22               480 	ld	a,#0x22
   0159 12                  481 	ld	(de),a
                            482 ; genPlus
                            483 ; genPlusIncr
   015A 11 3E 00            484 	ld	de,#_bloke + 0 + 56
                            485 ; genAssign (pointer)
   015D 3E 00               486 	ld	a,#0x00
   015F 12                  487 	ld	(de),a
                            488 ; genPlus
                            489 ; genPlusIncr
   0160 11 3F 00            490 	ld	de,#_bloke + 0 + 57
                            491 ; genAssign (pointer)
   0163 3E 23               492 	ld	a,#0x23
   0165 12                  493 	ld	(de),a
                            494 ; genPlus
                            495 ; genPlusIncr
   0166 11 40 00            496 	ld	de,#_bloke + 0 + 58
                            497 ; genAssign (pointer)
   0169 3E 00               498 	ld	a,#0x00
   016B 12                  499 	ld	(de),a
                            500 ; genPlus
                            501 ; genPlusIncr
   016C 11 41 00            502 	ld	de,#_bloke + 0 + 59
                            503 ; genAssign (pointer)
   016F 3E 30               504 	ld	a,#0x30
   0171 12                  505 	ld	(de),a
                            506 ; genPlus
                            507 ; genPlusIncr
   0172 11 42 00            508 	ld	de,#_bloke + 0 + 60
                            509 ; genAssign (pointer)
   0175 3E 00               510 	ld	a,#0x00
   0177 12                  511 	ld	(de),a
                            512 ; genPlus
                            513 ; genPlusIncr
   0178 11 43 00            514 	ld	de,#_bloke + 0 + 61
                            515 ; genAssign (pointer)
   017B 3E 00               516 	ld	a,#0x00
   017D 12                  517 	ld	(de),a
                            518 ; genPlus
                            519 ; genPlusIncr
   017E 11 44 00            520 	ld	de,#_bloke + 0 + 62
                            521 ; genAssign (pointer)
   0181 3E 00               522 	ld	a,#0x00
   0183 12                  523 	ld	(de),a
                            524 ; genPlus
                            525 ; genPlusIncr
   0184 11 45 00            526 	ld	de,#_bloke + 0 + 63
                            527 ; genAssign (pointer)
   0187 3E 00               528 	ld	a,#0x00
   0189 12                  529 	ld	(de),a
                            530 ; genPlus
                            531 ; genPlusIncr
   018A 11 46 00            532 	ld	de,#_bloke + 0 + 64
                            533 ; genAssign (pointer)
   018D 3E 00               534 	ld	a,#0x00
   018F 12                  535 	ld	(de),a
                            536 ; genPlus
                            537 ; genPlusIncr
   0190 11 47 00            538 	ld	de,#_bloke + 0 + 65
                            539 ; genAssign (pointer)
   0193 3E 00               540 	ld	a,#0x00
   0195 12                  541 	ld	(de),a
                            542 ; genPlus
                            543 ; genPlusIncr
   0196 11 48 00            544 	ld	de,#_bloke + 0 + 66
                            545 ; genAssign (pointer)
   0199 3E 38               546 	ld	a,#0x38
   019B 12                  547 	ld	(de),a
                            548 ; genPlus
                            549 ; genPlusIncr
   019C 11 49 00            550 	ld	de,#_bloke + 0 + 67
                            551 ; genAssign (pointer)
   019F 3E 38               552 	ld	a,#0x38
   01A1 12                  553 	ld	(de),a
                            554 ; genPlus
                            555 ; genPlusIncr
   01A2 11 4A 00            556 	ld	de,#_bloke + 0 + 68
                            557 ; genAssign (pointer)
   01A5 3E 7C               558 	ld	a,#0x7C
   01A7 12                  559 	ld	(de),a
                            560 ; genPlus
                            561 ; genPlusIncr
   01A8 11 4B 00            562 	ld	de,#_bloke + 0 + 69
                            563 ; genAssign (pointer)
   01AB 3E 44               564 	ld	a,#0x44
   01AD 12                  565 	ld	(de),a
                            566 ; genPlus
                            567 ; genPlusIncr
   01AE 11 4C 00            568 	ld	de,#_bloke + 0 + 70
                            569 ; genAssign (pointer)
   01B1 3E 7F               570 	ld	a,#0x7F
   01B3 12                  571 	ld	(de),a
                            572 ; genPlus
                            573 ; genPlusIncr
   01B4 11 4D 00            574 	ld	de,#_bloke + 0 + 71
                            575 ; genAssign (pointer)
   01B7 3E 7F               576 	ld	a,#0x7F
   01B9 12                  577 	ld	(de),a
                            578 ; genPlus
                            579 ; genPlusIncr
   01BA 11 4E 00            580 	ld	de,#_bloke + 0 + 72
                            581 ; genAssign (pointer)
   01BD 3E 44               582 	ld	a,#0x44
   01BF 12                  583 	ld	(de),a
                            584 ; genPlus
                            585 ; genPlusIncr
   01C0 11 4F 00            586 	ld	de,#_bloke + 0 + 73
                            587 ; genAssign (pointer)
   01C3 3E 74               588 	ld	a,#0x74
   01C5 12                  589 	ld	(de),a
                            590 ; genPlus
                            591 ; genPlusIncr
   01C6 11 50 00            592 	ld	de,#_bloke + 0 + 74
                            593 ; genAssign (pointer)
   01C9 3E 46               594 	ld	a,#0x46
   01CB 12                  595 	ld	(de),a
                            596 ; genPlus
                            597 ; genPlusIncr
   01CC 11 51 00            598 	ld	de,#_bloke + 0 + 75
                            599 ; genAssign (pointer)
   01CF 3E 7C               600 	ld	a,#0x7C
   01D1 12                  601 	ld	(de),a
                            602 ; genPlus
                            603 ; genPlusIncr
   01D2 11 52 00            604 	ld	de,#_bloke + 0 + 76
                            605 ; genAssign (pointer)
   01D5 3E 40               606 	ld	a,#0x40
   01D7 12                  607 	ld	(de),a
                            608 ; genPlus
                            609 ; genPlusIncr
   01D8 11 53 00            610 	ld	de,#_bloke + 0 + 77
                            611 ; genAssign (pointer)
   01DB 3E 78               612 	ld	a,#0x78
   01DD 12                  613 	ld	(de),a
                            614 ; genPlus
                            615 ; genPlusIncr
   01DE 11 54 00            616 	ld	de,#_bloke + 0 + 78
                            617 ; genAssign (pointer)
   01E1 3E 24               618 	ld	a,#0x24
   01E3 12                  619 	ld	(de),a
                            620 ; genPlus
                            621 ; genPlusIncr
   01E4 11 55 00            622 	ld	de,#_bloke + 0 + 79
                            623 ; genAssign (pointer)
   01E7 3E 3C               624 	ld	a,#0x3C
   01E9 12                  625 	ld	(de),a
                            626 ; genPlus
                            627 ; genPlusIncr
   01EA 11 56 00            628 	ld	de,#_bloke + 0 + 80
                            629 ; genAssign (pointer)
   01ED 3E 18               630 	ld	a,#0x18
   01EF 12                  631 	ld	(de),a
                            632 ; genPlus
                            633 ; genPlusIncr
   01F0 11 57 00            634 	ld	de,#_bloke + 0 + 81
                            635 ; genAssign (pointer)
   01F3 3E 3C               636 	ld	a,#0x3C
   01F5 12                  637 	ld	(de),a
                            638 ; genPlus
                            639 ; genPlusIncr
   01F6 11 58 00            640 	ld	de,#_bloke + 0 + 82
                            641 ; genAssign (pointer)
   01F9 3E 00               642 	ld	a,#0x00
   01FB 12                  643 	ld	(de),a
                            644 ; genPlus
                            645 ; genPlusIncr
   01FC 11 59 00            646 	ld	de,#_bloke + 0 + 83
                            647 ; genAssign (pointer)
   01FF 3E 42               648 	ld	a,#0x42
   0201 12                  649 	ld	(de),a
                            650 ; genPlus
                            651 ; genPlusIncr
   0202 11 5A 00            652 	ld	de,#_bloke + 0 + 84
                            653 ; genAssign (pointer)
   0205 3E 00               654 	ld	a,#0x00
   0207 12                  655 	ld	(de),a
                            656 ; genPlus
                            657 ; genPlusIncr
   0208 11 5B 00            658 	ld	de,#_bloke + 0 + 85
                            659 ; genAssign (pointer)
   020B 3E 42               660 	ld	a,#0x42
   020D 12                  661 	ld	(de),a
                            662 ; genPlus
                            663 ; genPlusIncr
   020E 11 5C 00            664 	ld	de,#_bloke + 0 + 86
                            665 ; genAssign (pointer)
   0211 3E 00               666 	ld	a,#0x00
   0213 12                  667 	ld	(de),a
                            668 ; genPlus
                            669 ; genPlusIncr
   0214 11 5D 00            670 	ld	de,#_bloke + 0 + 87
                            671 ; genAssign (pointer)
   0217 3E 42               672 	ld	a,#0x42
   0219 12                  673 	ld	(de),a
                            674 ; genPlus
                            675 ; genPlusIncr
   021A 11 5E 00            676 	ld	de,#_bloke + 0 + 88
                            677 ; genAssign (pointer)
   021D 3E 00               678 	ld	a,#0x00
   021F 12                  679 	ld	(de),a
                            680 ; genPlus
                            681 ; genPlusIncr
   0220 11 5F 00            682 	ld	de,#_bloke + 0 + 89
                            683 ; genAssign (pointer)
   0223 3E 42               684 	ld	a,#0x42
   0225 12                  685 	ld	(de),a
                            686 ; genPlus
                            687 ; genPlusIncr
   0226 11 60 00            688 	ld	de,#_bloke + 0 + 90
                            689 ; genAssign (pointer)
   0229 3E 00               690 	ld	a,#0x00
   022B 12                  691 	ld	(de),a
                            692 ; genPlus
                            693 ; genPlusIncr
   022C 11 61 00            694 	ld	de,#_bloke + 0 + 91
                            695 ; genAssign (pointer)
   022F 3E 63               696 	ld	a,#0x63
   0231 12                  697 	ld	(de),a
                            698 ; genPlus
                            699 ; genPlusIncr
   0232 11 62 00            700 	ld	de,#_bloke + 0 + 92
                            701 ; genAssign (pointer)
   0235 3E 00               702 	ld	a,#0x00
   0237 12                  703 	ld	(de),a
                            704 ; genPlus
                            705 ; genPlusIncr
   0238 11 63 00            706 	ld	de,#_bloke + 0 + 93
                            707 ; genAssign (pointer)
   023B 3E 00               708 	ld	a,#0x00
   023D 12                  709 	ld	(de),a
                            710 ; genPlus
                            711 ; genPlusIncr
   023E 11 64 00            712 	ld	de,#_bloke + 0 + 94
                            713 ; genAssign (pointer)
   0241 3E 00               714 	ld	a,#0x00
   0243 12                  715 	ld	(de),a
                            716 ; genPlus
                            717 ; genPlusIncr
   0244 11 65 00            718 	ld	de,#_bloke + 0 + 95
                            719 ; genAssign (pointer)
   0247 3E 00               720 	ld	a,#0x00
   0249 12                  721 	ld	(de),a
                            722 ; genPlus
                            723 ; genPlusIncr
   024A 11 66 00            724 	ld	de,#_bloke + 0 + 96
                            725 ; genAssign (pointer)
   024D 3E 00               726 	ld	a,#0x00
   024F 12                  727 	ld	(de),a
                            728 ; genPlus
                            729 ; genPlusIncr
   0250 11 67 00            730 	ld	de,#_bloke + 0 + 97
                            731 ; genAssign (pointer)
   0253 3E 00               732 	ld	a,#0x00
   0255 12                  733 	ld	(de),a
                            734 ; genPlus
                            735 ; genPlusIncr
   0256 11 68 00            736 	ld	de,#_bloke + 0 + 98
                            737 ; genAssign (pointer)
   0259 3E 38               738 	ld	a,#0x38
   025B 12                  739 	ld	(de),a
                            740 ; genPlus
                            741 ; genPlusIncr
   025C 11 69 00            742 	ld	de,#_bloke + 0 + 99
                            743 ; genAssign (pointer)
   025F 3E 38               744 	ld	a,#0x38
   0261 12                  745 	ld	(de),a
                            746 ; genPlus
                            747 ; genPlusIncr
   0262 11 6A 00            748 	ld	de,#_bloke + 0 + 100
                            749 ; genAssign (pointer)
   0265 3E 7C               750 	ld	a,#0x7C
   0267 12                  751 	ld	(de),a
                            752 ; genPlus
                            753 ; genPlusIncr
   0268 11 6B 00            754 	ld	de,#_bloke + 0 + 101
                            755 ; genAssign (pointer)
   026B 3E 44               756 	ld	a,#0x44
   026D 12                  757 	ld	(de),a
                            758 ; genPlus
                            759 ; genPlusIncr
   026E 11 6C 00            760 	ld	de,#_bloke + 0 + 102
                            761 ; genAssign (pointer)
   0271 3E 7F               762 	ld	a,#0x7F
   0273 12                  763 	ld	(de),a
                            764 ; genPlus
                            765 ; genPlusIncr
   0274 11 6D 00            766 	ld	de,#_bloke + 0 + 103
                            767 ; genAssign (pointer)
   0277 3E 7F               768 	ld	a,#0x7F
   0279 12                  769 	ld	(de),a
                            770 ; genPlus
                            771 ; genPlusIncr
   027A 11 6E 00            772 	ld	de,#_bloke + 0 + 104
                            773 ; genAssign (pointer)
   027D 3E 44               774 	ld	a,#0x44
   027F 12                  775 	ld	(de),a
                            776 ; genPlus
                            777 ; genPlusIncr
   0280 11 6F 00            778 	ld	de,#_bloke + 0 + 105
                            779 ; genAssign (pointer)
   0283 3E 74               780 	ld	a,#0x74
   0285 12                  781 	ld	(de),a
                            782 ; genPlus
                            783 ; genPlusIncr
   0286 11 70 00            784 	ld	de,#_bloke + 0 + 106
                            785 ; genAssign (pointer)
   0289 3E 46               786 	ld	a,#0x46
   028B 12                  787 	ld	(de),a
                            788 ; genPlus
                            789 ; genPlusIncr
   028C 11 71 00            790 	ld	de,#_bloke + 0 + 107
                            791 ; genAssign (pointer)
   028F 3E 7C               792 	ld	a,#0x7C
   0291 12                  793 	ld	(de),a
                            794 ; genPlus
                            795 ; genPlusIncr
   0292 11 72 00            796 	ld	de,#_bloke + 0 + 108
                            797 ; genAssign (pointer)
   0295 3E 40               798 	ld	a,#0x40
   0297 12                  799 	ld	(de),a
                            800 ; genPlus
                            801 ; genPlusIncr
   0298 11 73 00            802 	ld	de,#_bloke + 0 + 109
                            803 ; genAssign (pointer)
   029B 3E 78               804 	ld	a,#0x78
   029D 12                  805 	ld	(de),a
                            806 ; genPlus
                            807 ; genPlusIncr
   029E 11 74 00            808 	ld	de,#_bloke + 0 + 110
                            809 ; genAssign (pointer)
   02A1 3E 24               810 	ld	a,#0x24
   02A3 12                  811 	ld	(de),a
                            812 ; genPlus
                            813 ; genPlusIncr
   02A4 11 75 00            814 	ld	de,#_bloke + 0 + 111
                            815 ; genAssign (pointer)
   02A7 3E 3C               816 	ld	a,#0x3C
   02A9 12                  817 	ld	(de),a
                            818 ; genPlus
                            819 ; genPlusIncr
   02AA 11 76 00            820 	ld	de,#_bloke + 0 + 112
                            821 ; genAssign (pointer)
   02AD 3E 18               822 	ld	a,#0x18
   02AF 12                  823 	ld	(de),a
                            824 ; genPlus
                            825 ; genPlusIncr
   02B0 11 77 00            826 	ld	de,#_bloke + 0 + 113
                            827 ; genAssign (pointer)
   02B3 3E 3C               828 	ld	a,#0x3C
   02B5 12                  829 	ld	(de),a
                            830 ; genPlus
                            831 ; genPlusIncr
   02B6 11 78 00            832 	ld	de,#_bloke + 0 + 114
                            833 ; genAssign (pointer)
   02B9 3E 00               834 	ld	a,#0x00
   02BB 12                  835 	ld	(de),a
                            836 ; genPlus
                            837 ; genPlusIncr
   02BC 11 79 00            838 	ld	de,#_bloke + 0 + 115
                            839 ; genAssign (pointer)
   02BF 3E 44               840 	ld	a,#0x44
   02C1 12                  841 	ld	(de),a
                            842 ; genPlus
                            843 ; genPlusIncr
   02C2 11 7A 00            844 	ld	de,#_bloke + 0 + 116
                            845 ; genAssign (pointer)
   02C5 3E 00               846 	ld	a,#0x00
   02C7 12                  847 	ld	(de),a
                            848 ; genPlus
                            849 ; genPlusIncr
   02C8 11 7B 00            850 	ld	de,#_bloke + 0 + 117
                            851 ; genAssign (pointer)
   02CB 3E 44               852 	ld	a,#0x44
   02CD 12                  853 	ld	(de),a
                            854 ; genPlus
                            855 ; genPlusIncr
   02CE 11 7C 00            856 	ld	de,#_bloke + 0 + 118
                            857 ; genAssign (pointer)
   02D1 3E 00               858 	ld	a,#0x00
   02D3 12                  859 	ld	(de),a
                            860 ; genPlus
                            861 ; genPlusIncr
   02D4 11 7D 00            862 	ld	de,#_bloke + 0 + 119
                            863 ; genAssign (pointer)
   02D7 3E 44               864 	ld	a,#0x44
   02D9 12                  865 	ld	(de),a
                            866 ; genPlus
                            867 ; genPlusIncr
   02DA 11 7E 00            868 	ld	de,#_bloke + 0 + 120
                            869 ; genAssign (pointer)
   02DD 3E 00               870 	ld	a,#0x00
   02DF 12                  871 	ld	(de),a
                            872 ; genPlus
                            873 ; genPlusIncr
   02E0 11 7F 00            874 	ld	de,#_bloke + 0 + 121
                            875 ; genAssign (pointer)
   02E3 3E 64               876 	ld	a,#0x64
   02E5 12                  877 	ld	(de),a
                            878 ; genPlus
                            879 ; genPlusIncr
   02E6 11 80 00            880 	ld	de,#_bloke + 0 + 122
                            881 ; genAssign (pointer)
   02E9 3E 00               882 	ld	a,#0x00
   02EB 12                  883 	ld	(de),a
                            884 ; genPlus
                            885 ; genPlusIncr
   02EC 11 81 00            886 	ld	de,#_bloke + 0 + 123
                            887 ; genAssign (pointer)
   02EF 3E 06               888 	ld	a,#0x06
   02F1 12                  889 	ld	(de),a
                            890 ; genPlus
                            891 ; genPlusIncr
   02F2 11 82 00            892 	ld	de,#_bloke + 0 + 124
                            893 ; genAssign (pointer)
   02F5 3E 00               894 	ld	a,#0x00
   02F7 12                  895 	ld	(de),a
                            896 ; genPlus
                            897 ; genPlusIncr
   02F8 11 83 00            898 	ld	de,#_bloke + 0 + 125
                            899 ; genAssign (pointer)
   02FB 3E 00               900 	ld	a,#0x00
   02FD 12                  901 	ld	(de),a
                            902 ; genPlus
                            903 ; genPlusIncr
   02FE 11 84 00            904 	ld	de,#_bloke + 0 + 126
                            905 ; genAssign (pointer)
   0301 3E 00               906 	ld	a,#0x00
   0303 12                  907 	ld	(de),a
                            908 ; genPlus
                            909 ; genPlusIncr
   0304 11 85 00            910 	ld	de,#_bloke + 0 + 127
                            911 ; genAssign (pointer)
   0307 3E 00               912 	ld	a,#0x00
   0309 12                  913 	ld	(de),a
                            914 ;--------------------------------------------------------
                            915 ; Home
                            916 ;--------------------------------------------------------
                            917 	.area _HOME
                            918 	.area _CODE
                            919 ;--------------------------------------------------------
                            920 ; code
                            921 ;--------------------------------------------------------
                            922 	.area _CODE
                            923 ;	main.c 30
                            924 ; genLabel
                            925 ; genFunction
                            926 ;	---------------------------------
                            927 ; Function performantdelay
                            928 ; ---------------------------------
   0000                     929 ___performantdelay_start:
   0000                     930 _performantdelay:
   0000 C5                  931 	push	bc
                            932 	
                            933 ;	main.c 32
                            934 ; genAssign
   0001 0E 00               935 	ld	c,#0x00
                            936 ; genLabel
   0003                     937 00101$:
                            938 ; genCmpLt
                            939 ; AOP_STK for 
   0003 AF                  940 	xor	a,a
   0004 79                  941 	ld	a,c
   0005 F8 04               942 	lda	hl,4(sp)
   0007 9E                  943 	sbc	a,(hl) ; 2
   0008 D2 12 00            944 	jp	nc,00105$
                            945 ;	main.c 33
                            946 ; genCall
   000B CD 00 00            947 	call	_wait_vbl_done
                            948 ;	main.c 32
                            949 ; genPlus
                            950 ; genPlusIncr
   000E 0C                  951 	inc	c
                            952 ; genGoto
   000F C3 03 00            953 	jp	00101$
                            954 ; genLabel
   0012                     955 00105$:
                            956 ; genEndFunction
                            957 	
   0012 C1                  958 	pop	bc
   0013 C9                  959 	ret
   0014                     960 ___performantdelay_end:
                            961 ;	main.c 37
                            962 ; genLabel
                            963 ; genFunction
                            964 ;	---------------------------------
                            965 ; Function wouldhitsurface
                            966 ; ---------------------------------
   0014                     967 ___wouldhitsurface_start:
   0014                     968 _wouldhitsurface:
   0014 C5                  969 	push	bc
                            970 	
                            971 ;	main.c 38
                            972 ; genCmpLt
                            973 ; AOP_STK for 
                            974 ; AOP_HL for _floorYposition
   0015 AF                  975 	xor	a,a
   0016 F8 04               976 	lda	hl,4(sp)
   0018 7E                  977 	ld	a,(hl)
   0019 21 05 00            978 	ld	hl,#_floorYposition + 0
   001C 9E                  979 	sbc	a,(hl) ; 2
   001D DA 25 00            980 	jp	c,00102$
                            981 ;	main.c 39
                            982 ; genAssign
                            983 ; AOP_HL for _floorYposition
   0020 4E                  984 	ld	c,(hl)
                            985 ; genRet
   0021 59                  986 	ld	e,c
   0022 C3 27 00            987 	jp	00103$
                            988 ; genLabel
   0025                     989 00102$:
                            990 ;	main.c 41
                            991 ; genRet
   0025 1E FF               992 	ld	e,#0xFF
                            993 ; genLabel
   0027                     994 00103$:
                            995 ; genEndFunction
                            996 	
   0027 C1                  997 	pop	bc
   0028 C9                  998 	ret
   0029                     999 ___wouldhitsurface_end:
                           1000 ;	main.c 44
                           1001 ; genLabel
                           1002 ; genFunction
                           1003 ;	---------------------------------
                           1004 ; Function jump
                           1005 ; ---------------------------------
   0029                    1006 ___jump_start:
   0029                    1007 _jump:
   0029 C5                 1008 	push	bc
   002A E8 FD              1009 	lda	sp,-3(sp)
                           1010 ;	main.c 47
                           1011 ; genCmpEq
                           1012 ; AOP_HL for _jumping
   002C 21 02 00           1013 	ld	hl,#_jumping + 0
   002F 7E                 1014 	ld	a,(hl)
   0030 B7                 1015 	or	a,a
   0031 C2 36 00           1016 	jp	nz,00110$
   0034 18 03              1017 	jr	00111$
   0036                    1018 00110$:
   0036 C3 43 00           1019 	jp	00102$
   0039                    1020 00111$:
                           1021 ;	main.c 48
                           1022 ; genAssign
                           1023 ; AOP_HL for _jumping
   0039 21 02 00           1024 	ld	hl,#_jumping + 0
   003C 36 01              1025 	ld	(hl),#0x01
                           1026 ;	main.c 49
                           1027 ; genAssign
                           1028 ; AOP_HL for _currentspeedY
   003E 21 04 00           1029 	ld	hl,#_currentspeedY + 0
   0041 36 0A              1030 	ld	(hl),#0x0A
                           1031 ; genLabel
   0043                    1032 00102$:
                           1033 ;	main.c 53
                           1034 ; genPlus
                           1035 ; AOP_HL for _currentspeedY
                           1036 ; AOP_HL for _gravity
                           1037 ;	genPlusIncr failed
   0043 21 04 00           1038 	ld	hl,#_currentspeedY + 0
   0046 7E                 1039 	ld	a,(hl)
   0047 21 03 00           1040 	ld	hl,#_gravity + 0
   004A 86                 1041 	add	a,(hl)
   004B 21 04 00           1042 	ld	hl,#_currentspeedY + 0
   004E 77                 1043 	ld	(hl),a
                           1044 ;	main.c 55
                           1045 ; genPlus
                           1046 ; AOP_STK for 
                           1047 ; AOP_STK for _jump_sloc1_1_0
                           1048 ; genPlusIncr
                           1049 ;	genPlusIncr failed
   004F F8 08              1050 	lda	hl,8(sp)
   0051 5E                 1051 	ld	e,(hl)
   0052 23                 1052 	inc	hl
   0053 56                 1053 	ld	d,(hl)
   0054 21 01 00           1054 	ld	hl,#0x0001
   0057 19                 1055 	add	hl,de
   0058 7D                 1056 	ld	a,l
   0059 54                 1057 	ld	d,h
   005A F8 00              1058 	lda	hl,0(sp)
   005C 22                 1059 	ld	(hl+),a
   005D 72                 1060 	ld	(hl),d
                           1061 ; genPointerGet
                           1062 ; AOP_STK for _jump_sloc1_1_0
                           1063 ; AOP_STK for _jump_sloc0_1_0
   005E 2B                 1064 	dec	hl
   005F 5E                 1065 	ld	e,(hl)
   0060 23                 1066 	inc	hl
   0061 56                 1067 	ld	d,(hl)
   0062 1A                 1068 	ld	a,(de)
   0063 23                 1069 	inc	hl
   0064 77                 1070 	ld	(hl),a
                           1071 ; genMinus
                           1072 ; AOP_STK for _jump_sloc0_1_0
                           1073 ; AOP_HL for _currentspeedY
   0065 7E                 1074 	ld	a,(hl)
   0066 21 04 00           1075 	ld	hl,#_currentspeedY + 0
   0069 96                 1076 	sub	a,(hl)
   006A 4F                 1077 	ld	c,a
                           1078 ; genAssign (pointer)
                           1079 ; AOP_STK for _jump_sloc1_1_0
   006B F8 00              1080 	lda	hl,0(sp)
   006D 5E                 1081 	ld	e,(hl)
   006E 23                 1082 	inc	hl
   006F 56                 1083 	ld	d,(hl)
   0070 79                 1084 	ld	a,c
   0071 12                 1085 	ld	(de),a
                           1086 ;	main.c 57
                           1087 ; genIpush
   0072 79                 1088 	ld	a,c
   0073 F5                 1089 	push	af
   0074 33                 1090 	inc	sp
                           1091 ; genCall
   0075 CD 14 00           1092 	call	_wouldhitsurface
   0078 4B                 1093 	ld	c,e
   0079 E8 01              1094 	lda	sp,1(sp)
                           1095 ;	main.c 59
                           1096 ; genCmpGt
   007B 1E 7F              1097 	ld	e,#0x7F
   007D 79                 1098 	ld	a,c
   007E EE 80              1099 	xor	a,#0x80
   0080 57                 1100 	ld	d,a
   0081 7B                 1101 	ld	a,e
   0082 9A                 1102 	sbc	a,d
   0083 D2 A5 00           1103 	jp	nc,00104$
                           1104 ;	main.c 60
                           1105 ; genAssign
                           1106 ; AOP_HL for _jumping
   0086 21 02 00           1107 	ld	hl,#_jumping + 0
   0089 36 00              1108 	ld	(hl),#0x00
                           1109 ;	main.c 61
                           1110 ; genAssign
                           1111 ; (registers are the same)
                           1112 ; genAssign
                           1113 ; AOP_STK for 
   008B F8 08              1114 	lda	hl,8(sp)
   008D 5E                 1115 	ld	e,(hl)
   008E 23                 1116 	inc	hl
   008F 56                 1117 	ld	d,(hl)
                           1118 ; genPointerGet
   0090 1A                 1119 	ld	a,(de)
   0091 47                 1120 	ld	b,a
                           1121 ; genIpush
   0092 79                 1122 	ld	a,c
   0093 F5                 1123 	push	af
   0094 33                 1124 	inc	sp
                           1125 ; genIpush
   0095 78                 1126 	ld	a,b
   0096 F5                 1127 	push	af
   0097 33                 1128 	inc	sp
                           1129 ; genIpush
                           1130 ; AOP_STK for 
   0098 2B                 1131 	dec	hl
   0099 2B                 1132 	dec	hl
   009A 7E                 1133 	ld	a,(hl)
   009B F5                 1134 	push	af
   009C 33                 1135 	inc	sp
                           1136 ; genCall
   009D CD 00 00           1137 	call	_move_sprite
   00A0 E8 03              1138 	lda	sp,3(sp)
                           1139 ; genGoto
   00A2 C3 C3 00           1140 	jp	00106$
                           1141 ; genLabel
   00A5                    1142 00104$:
                           1143 ;	main.c 64
                           1144 ; genPointerGet
                           1145 ; AOP_STK for _jump_sloc1_1_0
   00A5 F8 00              1146 	lda	hl,0(sp)
   00A7 5E                 1147 	ld	e,(hl)
   00A8 23                 1148 	inc	hl
   00A9 56                 1149 	ld	d,(hl)
   00AA 1A                 1150 	ld	a,(de)
   00AB 4F                 1151 	ld	c,a
                           1152 ; genAssign
                           1153 ; AOP_STK for 
   00AC F8 08              1154 	lda	hl,8(sp)
   00AE 5E                 1155 	ld	e,(hl)
   00AF 23                 1156 	inc	hl
   00B0 56                 1157 	ld	d,(hl)
                           1158 ; genPointerGet
   00B1 1A                 1159 	ld	a,(de)
   00B2 47                 1160 	ld	b,a
                           1161 ; genIpush
   00B3 79                 1162 	ld	a,c
   00B4 F5                 1163 	push	af
   00B5 33                 1164 	inc	sp
                           1165 ; genIpush
   00B6 78                 1166 	ld	a,b
   00B7 F5                 1167 	push	af
   00B8 33                 1168 	inc	sp
                           1169 ; genIpush
                           1170 ; AOP_STK for 
   00B9 2B                 1171 	dec	hl
   00BA 2B                 1172 	dec	hl
   00BB 7E                 1173 	ld	a,(hl)
   00BC F5                 1174 	push	af
   00BD 33                 1175 	inc	sp
                           1176 ; genCall
   00BE CD 00 00           1177 	call	_move_sprite
   00C1 E8 03              1178 	lda	sp,3(sp)
                           1179 ; genLabel
   00C3                    1180 00106$:
                           1181 ; genEndFunction
   00C3 E8 03              1182 	lda	sp,3(sp)
   00C5 C1                 1183 	pop	bc
   00C6 C9                 1184 	ret
   00C7                    1185 ___jump_end:
                           1186 ;	main.c 68
                           1187 ; genLabel
                           1188 ; genFunction
                           1189 ;	---------------------------------
                           1190 ; Function main
                           1191 ; ---------------------------------
   00C7                    1192 ___main_start:
   00C7                    1193 _main:
   00C7 C5                 1194 	push	bc
                           1195 	
                           1196 ;	main.c 70
                           1197 ; genIpush
   00C8 21 06 00           1198 	ld	hl,#_bloke + 0
   00CB E5                 1199 	push	hl
                           1200 ; genIpush
   00CC 3E 08              1201 	ld	a,#0x08
   00CE F5                 1202 	push	af
   00CF 33                 1203 	inc	sp
                           1204 ; genIpush
   00D0 3E 00              1205 	ld	a,#0x00
   00D2 F5                 1206 	push	af
   00D3 33                 1207 	inc	sp
                           1208 ; genCall
   00D4 CD 00 00           1209 	call	_set_sprite_data
   00D7 E8 04              1210 	lda	sp,4(sp)
                           1211 ;	main.c 72
                           1212 ; genIpush
   00D9 3E 00              1213 	ld	a,#0x00
   00DB F5                 1214 	push	af
   00DC 33                 1215 	inc	sp
                           1216 ; genIpush
   00DD 3E 00              1217 	ld	a,#0x00
   00DF F5                 1218 	push	af
   00E0 33                 1219 	inc	sp
                           1220 ; genCall
   00E1 CD 00 00           1221 	call	_set_sprite_tile
   00E4 E8 02              1222 	lda	sp,2(sp)
                           1223 ;	main.c 74
                           1224 ; genAssign (pointer)
   00E6 11 00 00           1225 	ld	de,#_playerlocation + 0
   00E9 3E 0A              1226 	ld	a,#0x0A
   00EB 12                 1227 	ld	(de),a
                           1228 ;	main.c 75
                           1229 ; genPlus
                           1230 ; genPlusIncr
   00EC 11 01 00           1231 	ld	de,#_playerlocation + 0 + 1
                           1232 ; genAssign
                           1233 ; AOP_HL for _floorYposition
   00EF 21 05 00           1234 	ld	hl,#_floorYposition + 0
   00F2 4E                 1235 	ld	c,(hl)
                           1236 ; genAssign (pointer)
   00F3 79                 1237 	ld	a,c
   00F4 12                 1238 	ld	(de),a
                           1239 ;	main.c 76
                           1240 ; genAssign
                           1241 ; AOP_HL for _jumping
   00F5 21 02 00           1242 	ld	hl,#_jumping + 0
   00F8 36 00              1243 	ld	(hl),#0x00
                           1244 ;	main.c 78
                           1245 ; genPointerGet
   00FA 11 00 00           1246 	ld	de,#_playerlocation + 0
   00FD 1A                 1247 	ld	a,(de)
   00FE 47                 1248 	ld	b,a
                           1249 ; genIpush
   00FF 79                 1250 	ld	a,c
   0100 F5                 1251 	push	af
   0101 33                 1252 	inc	sp
                           1253 ; genIpush
   0102 78                 1254 	ld	a,b
   0103 F5                 1255 	push	af
   0104 33                 1256 	inc	sp
                           1257 ; genIpush
   0105 3E 00              1258 	ld	a,#0x00
   0107 F5                 1259 	push	af
   0108 33                 1260 	inc	sp
                           1261 ; genCall
   0109 CD 00 00           1262 	call	_move_sprite
   010C E8 03              1263 	lda	sp,3(sp)
                           1264 ;	main.c 80
                           1265 ; genOr
                           1266 ; AOP_SFR for _LCDC_REG
                           1267 ; Type res[4] = l[4]&r[1]
                           1268 ; Size res[1] = l[1]&r[1]
   010E F0 00              1269 	ldh	a,(_LCDC_REG+0) ; x
   0110 F6 80              1270 	or	a,#0x80
   0112 E0 00              1271 	ldh	(_LCDC_REG+0),a
                           1272 ;	main.c 81
                           1273 ; genOr
                           1274 ; AOP_SFR for _LCDC_REG
                           1275 ; Type res[4] = l[4]&r[1]
                           1276 ; Size res[1] = l[1]&r[1]
   0114 F0 00              1277 	ldh	a,(_LCDC_REG+0) ; x
   0116 F6 02              1278 	or	a,#0x02
   0118 E0 00              1279 	ldh	(_LCDC_REG+0),a
                           1280 ;	main.c 83
                           1281 ; genLabel
   011A                    1282 00109$:
                           1283 ;	main.c 84
                           1284 ; genCall
   011A CD 00 00           1285 	call	_joypad
   011D 4B                 1286 	ld	c,e
                           1287 ; genAnd
   011E 79                 1288 	ld	a,c
   011F CB 67              1289 	bit	4,a
   0121 C2 32 01           1290 	jp	nz,00101$
                           1291 ; genCmpEq
                           1292 ; AOP_HL for _jumping
   0124 21 02 00           1293 	ld	hl,#_jumping + 0
   0127 7E                 1294 	ld	a,(hl) ; 2
   0128 FE 01              1295 	cp	a,#0x01
   012A C2 2F 01           1296 	jp	nz,00117$
   012D 18 03              1297 	jr	00118$
   012F                    1298 00117$:
   012F C3 3F 01           1299 	jp	00102$
   0132                    1300 00118$:
                           1301 ; genLabel
   0132                    1302 00101$:
                           1303 ;	main.c 85
                           1304 ; genIpush
   0132 21 00 00           1305 	ld	hl,#_playerlocation + 0
   0135 E5                 1306 	push	hl
                           1307 ; genIpush
   0136 3E 00              1308 	ld	a,#0x00
   0138 F5                 1309 	push	af
   0139 33                 1310 	inc	sp
                           1311 ; genCall
   013A CD 29 00           1312 	call	_jump
   013D E8 03              1313 	lda	sp,3(sp)
                           1314 ; genLabel
   013F                    1315 00102$:
                           1316 ;	main.c 87
                           1317 ; genCall
   013F CD 00 00           1318 	call	_joypad
   0142 4B                 1319 	ld	c,e
                           1320 ; genAnd
   0143 79                 1321 	ld	a,c
   0144 CB 4F              1322 	bit	1,a
   0146 CA 69 01           1323 	jp	z,00105$
                           1324 ;	main.c 88
                           1325 ; genPointerGet
   0149 11 00 00           1326 	ld	de,#_playerlocation + 0
   014C 1A                 1327 	ld	a,(de)
   014D 4F                 1328 	ld	c,a
                           1329 ; genMinus
   014E 0D                 1330 	dec	c
   014F 0D                 1331 	dec	c
                           1332 ; genAssign (pointer)
   0150 11 00 00           1333 	ld	de,#_playerlocation + 0
   0153 79                 1334 	ld	a,c
   0154 12                 1335 	ld	(de),a
                           1336 ;	main.c 89
                           1337 ; genPlus
                           1338 ; genPlusIncr
   0155 11 01 00           1339 	ld	de,#_playerlocation + 0 + 1
                           1340 ; genPointerGet
   0158 1A                 1341 	ld	a,(de)
   0159 47                 1342 	ld	b,a
                           1343 ; genIpush
   015A 78                 1344 	ld	a,b
   015B F5                 1345 	push	af
   015C 33                 1346 	inc	sp
                           1347 ; genIpush
   015D 79                 1348 	ld	a,c
   015E F5                 1349 	push	af
   015F 33                 1350 	inc	sp
                           1351 ; genIpush
   0160 3E 00              1352 	ld	a,#0x00
   0162 F5                 1353 	push	af
   0163 33                 1354 	inc	sp
                           1355 ; genCall
   0164 CD 00 00           1356 	call	_move_sprite
   0167 E8 03              1357 	lda	sp,3(sp)
                           1358 ; genLabel
   0169                    1359 00105$:
                           1360 ;	main.c 91
                           1361 ; genCall
   0169 CD 00 00           1362 	call	_joypad
   016C 4B                 1363 	ld	c,e
                           1364 ; genAnd
   016D 79                 1365 	ld	a,c
   016E CB 47              1366 	bit	0,a
   0170 CA 93 01           1367 	jp	z,00107$
                           1368 ;	main.c 92
                           1369 ; genPointerGet
   0173 11 00 00           1370 	ld	de,#_playerlocation + 0
   0176 1A                 1371 	ld	a,(de)
   0177 4F                 1372 	ld	c,a
                           1373 ; genPlus
                           1374 ; genPlusIncr
   0178 0C                 1375 	inc	c
   0179 0C                 1376 	inc	c
                           1377 ; genAssign (pointer)
   017A 11 00 00           1378 	ld	de,#_playerlocation + 0
   017D 79                 1379 	ld	a,c
   017E 12                 1380 	ld	(de),a
                           1381 ;	main.c 93
                           1382 ; genPlus
                           1383 ; genPlusIncr
   017F 11 01 00           1384 	ld	de,#_playerlocation + 0 + 1
                           1385 ; genPointerGet
   0182 1A                 1386 	ld	a,(de)
   0183 47                 1387 	ld	b,a
                           1388 ; genIpush
   0184 78                 1389 	ld	a,b
   0185 F5                 1390 	push	af
   0186 33                 1391 	inc	sp
                           1392 ; genIpush
   0187 79                 1393 	ld	a,c
   0188 F5                 1394 	push	af
   0189 33                 1395 	inc	sp
                           1396 ; genIpush
   018A 3E 00              1397 	ld	a,#0x00
   018C F5                 1398 	push	af
   018D 33                 1399 	inc	sp
                           1400 ; genCall
   018E CD 00 00           1401 	call	_move_sprite
   0191 E8 03              1402 	lda	sp,3(sp)
                           1403 ; genLabel
   0193                    1404 00107$:
                           1405 ;	main.c 95
                           1406 ; genIpush
   0193 3E 05              1407 	ld	a,#0x05
   0195 F5                 1408 	push	af
   0196 33                 1409 	inc	sp
                           1410 ; genCall
   0197 CD 00 00           1411 	call	_performantdelay
   019A E8 01              1412 	lda	sp,1(sp)
                           1413 ; genGoto
   019C C3 1A 01           1414 	jp	00109$
                           1415 ; genLabel
   019F                    1416 00111$:
                           1417 ; genEndFunction
                           1418 	
   019F C1                 1419 	pop	bc
   01A0 C9                 1420 	ret
   01A1                    1421 ___main_end:
                           1422 	.area _CODE
ASxxxx Assembler V01.75  (GameBoy Z80-like CPU), page 1.

Symbol Table

    _BCPD_REG                          **** GX
    _BCPS_REG                          **** GX
    _BGP_REG                           **** GX
    _DIV_REG                           **** GX
    _DMA_REG                           **** GX
    _HDMA1_REG                         **** GX
    _HDMA2_REG                         **** GX
    _HDMA3_REG                         **** GX
    _HDMA4_REG                         **** GX
    _HDMA5_REG                         **** GX
    _IE_REG                            **** GX
    _IF_REG                            **** GX
    _KEY1_REG                          **** GX
    _LCDC_REG                          **** GX
    _LYC_REG                           **** GX
    _LY_REG                            **** GX
    _NR10_REG                          **** GX
    _NR11_REG                          **** GX
    _NR12_REG                          **** GX
    _NR13_REG                          **** GX
    _NR14_REG                          **** GX
    _NR21_REG                          **** GX
    _NR22_REG                          **** GX
    _NR23_REG                          **** GX
    _NR24_REG                          **** GX
    _NR30_REG                          **** GX
    _NR31_REG                          **** GX
    _NR32_REG                          **** GX
    _NR33_REG                          **** GX
    _NR34_REG                          **** GX
    _NR41_REG                          **** GX
    _NR42_REG                          **** GX
    _NR43_REG                          **** GX
    _NR44_REG                          **** GX
    _NR50_REG                          **** GX
    _NR51_REG                          **** GX
    _NR52_REG                          **** GX
    _OBP0_REG                          **** GX
    _OBP1_REG                          **** GX
    _OCPD_REG                          **** GX
    _OCPS_REG                          **** GX
    _P1_REG                            **** GX
    _RP_REG                            **** GX
    _SB_REG                            **** GX
    _SCX_REG                           **** GX
    _SCY_REG                           **** GX
    _SC_REG                            **** GX
    _STAT_REG                          **** GX
    _SVBK_REG                          **** GX
    _TAC_REG                           **** GX
    _TIMA_REG                          **** GX
    _TMA_REG                           **** GX
    _VBK_REG                           **** GX
    _WX_REG                            **** GX
    _WY_REG                            **** GX
  0 ___jump_end                        00C7 R
  0 ___jump_start                      0029 R
  0 ___main_end                        01A1 R
  0 ___main_start                      00C7 R
  0 ___performantdelay_end             0014 R
  0 ___performantdelay_start           0000 R
  0 ___wouldhitsurface_end             0029 R
  0 ___wouldhitsurface_start           0014 R
    __cpu                              **** GX
    __io_in                            **** GX
    __io_out                           **** GX
    __io_status                        **** GX
  1 _bloke                             0006 GR
  1 _currentspeedY                     0004 GR
  1 _floorYposition                    0005 GR
  1 _gravity                           0003 GR
    _joypad                            **** GX
  0 _jump                              0029 GR
  1 _jumping                           0002 GR
  0 _main                              00C7 GR
    _move_sprite                       **** GX
  0 _performantdelay                   0000 GR
  1 _playerlocation                    0000 GR
    _set_sprite_data                   **** GX
    _set_sprite_tile                   **** GX
    _sys_time                          **** GX
    _wait_vbl_done                     **** GX
  0 _wouldhitsurface                   0014 GR

ASxxxx Assembler V01.75  (GameBoy Z80-like CPU), page 2.

Area Table

   0 _CODE                              size  1A1   flags 0
   1 _DATA                              size   86   flags 0
   2 _OVERLAY                           size    0   flags 0
   3 _ISEG                              size    0   flags 0
   4 _BSEG                              size    0   flags 0
   5 _XSEG                              size    0   flags 0
   6 _GSINIT                            size  30A   flags 0
   7 _GSFINAL                           size    0   flags 0
   8 _HOME                              size    0   flags 0
