                              1 ;--------------------------------------------------------
                              2 ; File Created by SDCC : FreeWare ANSI-C Compiler
                              3 ; Version 2.2.1 Fri Dec 14 11:19:40 2018
                              4 
                              5 ;--------------------------------------------------------
                              6 	.module lcc41080
                              7 	
                              8 ;--------------------------------------------------------
                              9 ; Public variables in this module
                             10 ;--------------------------------------------------------
                             11 	.globl _main
                             12 	.globl _scroll_sprite
                             13 	.globl _move_sprite
                             14 	.globl _set_sprite_tile
                             15 	.globl _set_sprite_data
                             16 	.globl _joypad
                             17 	.globl _delay
                             18 	.globl _Smiler
                             19 	.globl _main
                             20 ;--------------------------------------------------------
                             21 ; Externals used
                             22 ;--------------------------------------------------------
                             23 	.globl _IE_REG
                             24 	.globl _SVBK_REG
                             25 	.globl _OCPD_REG
                             26 	.globl _OCPS_REG
                             27 	.globl _BCPD_REG
                             28 	.globl _BCPS_REG
                             29 	.globl _RP_REG
                             30 	.globl _HDMA5_REG
                             31 	.globl _HDMA4_REG
                             32 	.globl _HDMA3_REG
                             33 	.globl _HDMA2_REG
                             34 	.globl _HDMA1_REG
                             35 	.globl _VBK_REG
                             36 	.globl _KEY1_REG
                             37 	.globl _WX_REG
                             38 	.globl _WY_REG
                             39 	.globl _OBP1_REG
                             40 	.globl _OBP0_REG
                             41 	.globl _BGP_REG
                             42 	.globl _DMA_REG
                             43 	.globl _LYC_REG
                             44 	.globl _LY_REG
                             45 	.globl _SCX_REG
                             46 	.globl _SCY_REG
                             47 	.globl _STAT_REG
                             48 	.globl _LCDC_REG
                             49 	.globl _NR52_REG
                             50 	.globl _NR51_REG
                             51 	.globl _NR50_REG
                             52 	.globl _NR44_REG
                             53 	.globl _NR43_REG
                             54 	.globl _NR42_REG
                             55 	.globl _NR41_REG
                             56 	.globl _NR34_REG
                             57 	.globl _NR33_REG
                             58 	.globl _NR32_REG
                             59 	.globl _NR31_REG
                             60 	.globl _NR30_REG
                             61 	.globl _NR24_REG
                             62 	.globl _NR23_REG
                             63 	.globl _NR22_REG
                             64 	.globl _NR21_REG
                             65 	.globl _NR14_REG
                             66 	.globl _NR13_REG
                             67 	.globl _NR12_REG
                             68 	.globl _NR11_REG
                             69 	.globl _NR10_REG
                             70 	.globl _IF_REG
                             71 	.globl _TAC_REG
                             72 	.globl _TMA_REG
                             73 	.globl _TIMA_REG
                             74 	.globl _DIV_REG
                             75 	.globl _SC_REG
                             76 	.globl _SB_REG
                             77 	.globl _P1_REG
                             78 	.globl __io_out
                             79 	.globl __io_in
                             80 	.globl __io_status
                             81 	.globl _sys_time
                             82 	.globl __cpu
                             83 ;--------------------------------------------------------
                             84 ; special function registers
                             85 ;--------------------------------------------------------
                             86 ;--------------------------------------------------------
                             87 ; special function bits 
                             88 ;--------------------------------------------------------
                             89 ;--------------------------------------------------------
                             90 ; internal ram data
                             91 ;--------------------------------------------------------
                             92 	.area _DATA
   0000                      93 _Smiler::
   0000                      94 	.ds 32
                             95 ;--------------------------------------------------------
                             96 ; overlayable items in internal ram 
                             97 ;--------------------------------------------------------
                             98 	.area _OVERLAY
                             99 ;--------------------------------------------------------
                            100 ; indirectly addressable internal ram data
                            101 ;--------------------------------------------------------
                            102 	.area _ISEG
                            103 ;--------------------------------------------------------
                            104 ; bit data
                            105 ;--------------------------------------------------------
                            106 	.area _BSEG
                            107 ;--------------------------------------------------------
                            108 ; external ram data
                            109 ;--------------------------------------------------------
                            110 	.area _XSEG
                            111 ;--------------------------------------------------------
                            112 ; global & static initialisations
                            113 ;--------------------------------------------------------
                            114 	.area _GSINIT
                            115 	.area _GSFINAL
                            116 	.area _GSINIT
                            117 ;	main.c 31
                            118 ; genAssign (pointer)
   0000 11 00 00            119 	ld	de,#_Smiler + 0
   0003 3E 7E               120 	ld	a,#0x7E
   0005 12                  121 	ld	(de),a
                            122 ; genPlus
                            123 ; genPlusIncr
   0006 11 01 00            124 	ld	de,#_Smiler + 0 + 1
                            125 ; genAssign (pointer)
   0009 3E 7E               126 	ld	a,#0x7E
   000B 12                  127 	ld	(de),a
                            128 ; genPlus
                            129 ; genPlusIncr
   000C 11 02 00            130 	ld	de,#_Smiler + 0 + 2
                            131 ; genAssign (pointer)
   000F 3E FF               132 	ld	a,#0xFF
   0011 12                  133 	ld	(de),a
                            134 ; genPlus
                            135 ; genPlusIncr
   0012 11 03 00            136 	ld	de,#_Smiler + 0 + 3
                            137 ; genAssign (pointer)
   0015 3E 81               138 	ld	a,#0x81
   0017 12                  139 	ld	(de),a
                            140 ; genPlus
                            141 ; genPlusIncr
   0018 11 04 00            142 	ld	de,#_Smiler + 0 + 4
                            143 ; genAssign (pointer)
   001B 3E FF               144 	ld	a,#0xFF
   001D 12                  145 	ld	(de),a
                            146 ; genPlus
                            147 ; genPlusIncr
   001E 11 05 00            148 	ld	de,#_Smiler + 0 + 5
                            149 ; genAssign (pointer)
   0021 3E A5               150 	ld	a,#0xA5
   0023 12                  151 	ld	(de),a
                            152 ; genPlus
                            153 ; genPlusIncr
   0024 11 06 00            154 	ld	de,#_Smiler + 0 + 6
                            155 ; genAssign (pointer)
   0027 3E FF               156 	ld	a,#0xFF
   0029 12                  157 	ld	(de),a
                            158 ; genPlus
                            159 ; genPlusIncr
   002A 11 07 00            160 	ld	de,#_Smiler + 0 + 7
                            161 ; genAssign (pointer)
   002D 3E 81               162 	ld	a,#0x81
   002F 12                  163 	ld	(de),a
                            164 ; genPlus
                            165 ; genPlusIncr
   0030 11 08 00            166 	ld	de,#_Smiler + 0 + 8
                            167 ; genAssign (pointer)
   0033 3E FF               168 	ld	a,#0xFF
   0035 12                  169 	ld	(de),a
                            170 ; genPlus
                            171 ; genPlusIncr
   0036 11 09 00            172 	ld	de,#_Smiler + 0 + 9
                            173 ; genAssign (pointer)
   0039 3E 81               174 	ld	a,#0x81
   003B 12                  175 	ld	(de),a
                            176 ; genPlus
                            177 ; genPlusIncr
   003C 11 0A 00            178 	ld	de,#_Smiler + 0 + 10
                            179 ; genAssign (pointer)
   003F 3E FF               180 	ld	a,#0xFF
   0041 12                  181 	ld	(de),a
                            182 ; genPlus
                            183 ; genPlusIncr
   0042 11 0B 00            184 	ld	de,#_Smiler + 0 + 11
                            185 ; genAssign (pointer)
   0045 3E BD               186 	ld	a,#0xBD
   0047 12                  187 	ld	(de),a
                            188 ; genPlus
                            189 ; genPlusIncr
   0048 11 0C 00            190 	ld	de,#_Smiler + 0 + 12
                            191 ; genAssign (pointer)
   004B 3E FF               192 	ld	a,#0xFF
   004D 12                  193 	ld	(de),a
                            194 ; genPlus
                            195 ; genPlusIncr
   004E 11 0D 00            196 	ld	de,#_Smiler + 0 + 13
                            197 ; genAssign (pointer)
   0051 3E 81               198 	ld	a,#0x81
   0053 12                  199 	ld	(de),a
                            200 ; genPlus
                            201 ; genPlusIncr
   0054 11 0E 00            202 	ld	de,#_Smiler + 0 + 14
                            203 ; genAssign (pointer)
   0057 3E 7E               204 	ld	a,#0x7E
   0059 12                  205 	ld	(de),a
                            206 ; genPlus
                            207 ; genPlusIncr
   005A 11 0F 00            208 	ld	de,#_Smiler + 0 + 15
                            209 ; genAssign (pointer)
   005D 3E 7E               210 	ld	a,#0x7E
   005F 12                  211 	ld	(de),a
                            212 ; genPlus
                            213 ; genPlusIncr
   0060 11 10 00            214 	ld	de,#_Smiler + 0 + 16
                            215 ; genAssign (pointer)
   0063 3E 7E               216 	ld	a,#0x7E
   0065 12                  217 	ld	(de),a
                            218 ; genPlus
                            219 ; genPlusIncr
   0066 11 11 00            220 	ld	de,#_Smiler + 0 + 17
                            221 ; genAssign (pointer)
   0069 3E 7E               222 	ld	a,#0x7E
   006B 12                  223 	ld	(de),a
                            224 ; genPlus
                            225 ; genPlusIncr
   006C 11 12 00            226 	ld	de,#_Smiler + 0 + 18
                            227 ; genAssign (pointer)
   006F 3E FF               228 	ld	a,#0xFF
   0071 12                  229 	ld	(de),a
                            230 ; genPlus
                            231 ; genPlusIncr
   0072 11 13 00            232 	ld	de,#_Smiler + 0 + 19
                            233 ; genAssign (pointer)
   0075 3E 81               234 	ld	a,#0x81
   0077 12                  235 	ld	(de),a
                            236 ; genPlus
                            237 ; genPlusIncr
   0078 11 14 00            238 	ld	de,#_Smiler + 0 + 20
                            239 ; genAssign (pointer)
   007B 3E FF               240 	ld	a,#0xFF
   007D 12                  241 	ld	(de),a
                            242 ; genPlus
                            243 ; genPlusIncr
   007E 11 15 00            244 	ld	de,#_Smiler + 0 + 21
                            245 ; genAssign (pointer)
   0081 3E A5               246 	ld	a,#0xA5
   0083 12                  247 	ld	(de),a
                            248 ; genPlus
                            249 ; genPlusIncr
   0084 11 16 00            250 	ld	de,#_Smiler + 0 + 22
                            251 ; genAssign (pointer)
   0087 3E FF               252 	ld	a,#0xFF
   0089 12                  253 	ld	(de),a
                            254 ; genPlus
                            255 ; genPlusIncr
   008A 11 17 00            256 	ld	de,#_Smiler + 0 + 23
                            257 ; genAssign (pointer)
   008D 3E 81               258 	ld	a,#0x81
   008F 12                  259 	ld	(de),a
                            260 ; genPlus
                            261 ; genPlusIncr
   0090 11 18 00            262 	ld	de,#_Smiler + 0 + 24
                            263 ; genAssign (pointer)
   0093 3E FF               264 	ld	a,#0xFF
   0095 12                  265 	ld	(de),a
                            266 ; genPlus
                            267 ; genPlusIncr
   0096 11 19 00            268 	ld	de,#_Smiler + 0 + 25
                            269 ; genAssign (pointer)
   0099 3E A5               270 	ld	a,#0xA5
   009B 12                  271 	ld	(de),a
                            272 ; genPlus
                            273 ; genPlusIncr
   009C 11 1A 00            274 	ld	de,#_Smiler + 0 + 26
                            275 ; genAssign (pointer)
   009F 3E FF               276 	ld	a,#0xFF
   00A1 12                  277 	ld	(de),a
                            278 ; genPlus
                            279 ; genPlusIncr
   00A2 11 1B 00            280 	ld	de,#_Smiler + 0 + 27
                            281 ; genAssign (pointer)
   00A5 3E 99               282 	ld	a,#0x99
   00A7 12                  283 	ld	(de),a
                            284 ; genPlus
                            285 ; genPlusIncr
   00A8 11 1C 00            286 	ld	de,#_Smiler + 0 + 28
                            287 ; genAssign (pointer)
   00AB 3E FF               288 	ld	a,#0xFF
   00AD 12                  289 	ld	(de),a
                            290 ; genPlus
                            291 ; genPlusIncr
   00AE 11 1D 00            292 	ld	de,#_Smiler + 0 + 29
                            293 ; genAssign (pointer)
   00B1 3E 81               294 	ld	a,#0x81
   00B3 12                  295 	ld	(de),a
                            296 ; genPlus
                            297 ; genPlusIncr
   00B4 11 1E 00            298 	ld	de,#_Smiler + 0 + 30
                            299 ; genAssign (pointer)
   00B7 3E 7E               300 	ld	a,#0x7E
   00B9 12                  301 	ld	(de),a
                            302 ; genPlus
                            303 ; genPlusIncr
   00BA 11 1F 00            304 	ld	de,#_Smiler + 0 + 31
                            305 ; genAssign (pointer)
   00BD 3E 7E               306 	ld	a,#0x7E
   00BF 12                  307 	ld	(de),a
                            308 ;--------------------------------------------------------
                            309 ; Home
                            310 ;--------------------------------------------------------
                            311 	.area _HOME
                            312 	.area _CODE
                            313 ;--------------------------------------------------------
                            314 ; code
                            315 ;--------------------------------------------------------
                            316 	.area _CODE
                            317 ;	main.c 5
                            318 ; genLabel
                            319 ; genFunction
                            320 ;	---------------------------------
                            321 ; Function main
                            322 ; ---------------------------------
   0000                     323 ___main_start:
   0000                     324 _main:
   0000 C5                  325 	push	bc
                            326 	
                            327 ;	main.c 8
                            328 ; genIpush
   0001 21 00 00            329 	ld	hl,#_Smiler + 0
   0004 E5                  330 	push	hl
                            331 ; genIpush
   0005 3E 02               332 	ld	a,#0x02
   0007 F5                  333 	push	af
   0008 33                  334 	inc	sp
                            335 ; genIpush
   0009 3E 00               336 	ld	a,#0x00
   000B F5                  337 	push	af
   000C 33                  338 	inc	sp
                            339 ; genCall
   000D CD 00 00            340 	call	_set_sprite_data
   0010 E8 04               341 	lda	sp,4(sp)
                            342 ;	main.c 9
                            343 ; genIpush
   0012 3E 00               344 	ld	a,#0x00
   0014 F5                  345 	push	af
   0015 33                  346 	inc	sp
                            347 ; genIpush
   0016 3E 00               348 	ld	a,#0x00
   0018 F5                  349 	push	af
   0019 33                  350 	inc	sp
                            351 ; genCall
   001A CD 00 00            352 	call	_set_sprite_tile
   001D E8 02               353 	lda	sp,2(sp)
                            354 ;	main.c 10
                            355 ; genIpush
   001F 3E 4E               356 	ld	a,#0x4E
   0021 F5                  357 	push	af
   0022 33                  358 	inc	sp
                            359 ; genIpush
   0023 3E 58               360 	ld	a,#0x58
   0025 F5                  361 	push	af
   0026 33                  362 	inc	sp
                            363 ; genIpush
   0027 3E 00               364 	ld	a,#0x00
   0029 F5                  365 	push	af
   002A 33                  366 	inc	sp
                            367 ; genCall
   002B CD 00 00            368 	call	_move_sprite
   002E E8 03               369 	lda	sp,3(sp)
                            370 ;	main.c 11
                            371 ; genOr
                            372 ; AOP_SFR for _LCDC_REG
                            373 ; Type res[4] = l[4]&r[1]
                            374 ; Size res[1] = l[1]&r[1]
   0030 F0 00               375 	ldh	a,(_LCDC_REG+0) ; x
   0032 F6 02               376 	or	a,#0x02
   0034 E0 00               377 	ldh	(_LCDC_REG+0),a
                            378 ;	main.c 13
                            379 ; genLabel
   0036                     380 00107$:
                            381 ;	main.c 14
                            382 ; genCall
   0036 CD 00 00            383 	call	_joypad
   0039 4B                  384 	ld	c,e
                            385 ; genCmpEq
   003A 79                  386 	ld	a,c ; 2
   003B FE 01               387 	cp	a,#0x01
                            388 ; Rule 5
   003D CA 69 00            389 	jp	z,00102$
   0040                     390 00116$:
                            391 ; genCmpEq
   0040 79                  392 	ld	a,c ; 2
   0041 FE 02               393 	cp	a,#0x02
                            394 ; Rule 5
   0043 CA 55 00            395 	jp	z,00101$
   0046                     396 00117$:
                            397 ; genCmpEq
   0046 79                  398 	ld	a,c ; 2
   0047 FE 04               399 	cp	a,#0x04
                            400 ; Rule 5
   0049 CA 7D 00            401 	jp	z,00103$
   004C                     402 00118$:
                            403 ; genCmpEq
   004C 79                  404 	ld	a,c ; 2
   004D FE 08               405 	cp	a,#0x08
                            406 ; Rule 5
   004F CA 91 00            407 	jp	z,00104$
   0052                     408 00119$:
                            409 ; genGoto
   0052 C3 A2 00            410 	jp	00105$
                            411 ;	main.c 16
                            412 ; genLabel
   0055                     413 00101$:
                            414 ; genIpush
   0055 3E 00               415 	ld	a,#0x00
   0057 F5                  416 	push	af
   0058 33                  417 	inc	sp
                            418 ; genIpush
   0059 3E FF               419 	ld	a,#0xFF
   005B F5                  420 	push	af
   005C 33                  421 	inc	sp
                            422 ; genIpush
   005D 3E 00               423 	ld	a,#0x00
   005F F5                  424 	push	af
   0060 33                  425 	inc	sp
                            426 ; genCall
   0061 CD 00 00            427 	call	_scroll_sprite
   0064 E8 03               428 	lda	sp,3(sp)
                            429 ;	main.c 17
                            430 ; genGoto
   0066 C3 A2 00            431 	jp	00105$
                            432 ;	main.c 19
                            433 ; genLabel
   0069                     434 00102$:
                            435 ; genIpush
   0069 3E 00               436 	ld	a,#0x00
   006B F5                  437 	push	af
   006C 33                  438 	inc	sp
                            439 ; genIpush
   006D 3E 01               440 	ld	a,#0x01
   006F F5                  441 	push	af
   0070 33                  442 	inc	sp
                            443 ; genIpush
   0071 3E 00               444 	ld	a,#0x00
   0073 F5                  445 	push	af
   0074 33                  446 	inc	sp
                            447 ; genCall
   0075 CD 00 00            448 	call	_scroll_sprite
   0078 E8 03               449 	lda	sp,3(sp)
                            450 ;	main.c 20
                            451 ; genGoto
   007A C3 A2 00            452 	jp	00105$
                            453 ;	main.c 22
                            454 ; genLabel
   007D                     455 00103$:
                            456 ; genIpush
   007D 3E FF               457 	ld	a,#0xFF
   007F F5                  458 	push	af
   0080 33                  459 	inc	sp
                            460 ; genIpush
   0081 3E 00               461 	ld	a,#0x00
   0083 F5                  462 	push	af
   0084 33                  463 	inc	sp
                            464 ; genIpush
   0085 3E 00               465 	ld	a,#0x00
   0087 F5                  466 	push	af
   0088 33                  467 	inc	sp
                            468 ; genCall
   0089 CD 00 00            469 	call	_scroll_sprite
   008C E8 03               470 	lda	sp,3(sp)
                            471 ;	main.c 23
                            472 ; genGoto
   008E C3 A2 00            473 	jp	00105$
                            474 ;	main.c 25
                            475 ; genLabel
   0091                     476 00104$:
                            477 ; genIpush
   0091 3E 01               478 	ld	a,#0x01
   0093 F5                  479 	push	af
   0094 33                  480 	inc	sp
                            481 ; genIpush
   0095 3E 00               482 	ld	a,#0x00
   0097 F5                  483 	push	af
   0098 33                  484 	inc	sp
                            485 ; genIpush
   0099 3E 00               486 	ld	a,#0x00
   009B F5                  487 	push	af
   009C 33                  488 	inc	sp
                            489 ; genCall
   009D CD 00 00            490 	call	_scroll_sprite
   00A0 E8 03               491 	lda	sp,3(sp)
                            492 ;	main.c 27
                            493 ; genLabel
   00A2                     494 00105$:
                            495 ;	main.c 28
                            496 ; genIpush
   00A2 21 64 00            497 	ld	hl,#0x0064
   00A5 E5                  498 	push	hl
                            499 ; genCall
   00A6 CD 00 00            500 	call	_delay
   00A9 E8 02               501 	lda	sp,2(sp)
                            502 ; genGoto
   00AB C3 36 00            503 	jp	00107$
                            504 ; genLabel
   00AE                     505 00109$:
                            506 ; genEndFunction
                            507 	
   00AE C1                  508 	pop	bc
   00AF C9                  509 	ret
   00B0                     510 ___main_end:
                            511 	.area _CODE
ASxxxx Assembler V01.75  (GameBoy Z80-like CPU), page 1.

Symbol Table

    _BCPD_REG                          **** GX
    _BCPS_REG                          **** GX
    _BGP_REG                           **** GX
    _DIV_REG                           **** GX
    _DMA_REG                           **** GX
    _HDMA1_REG                         **** GX
    _HDMA2_REG                         **** GX
    _HDMA3_REG                         **** GX
    _HDMA4_REG                         **** GX
    _HDMA5_REG                         **** GX
    _IE_REG                            **** GX
    _IF_REG                            **** GX
    _KEY1_REG                          **** GX
    _LCDC_REG                          **** GX
    _LYC_REG                           **** GX
    _LY_REG                            **** GX
    _NR10_REG                          **** GX
    _NR11_REG                          **** GX
    _NR12_REG                          **** GX
    _NR13_REG                          **** GX
    _NR14_REG                          **** GX
    _NR21_REG                          **** GX
    _NR22_REG                          **** GX
    _NR23_REG                          **** GX
    _NR24_REG                          **** GX
    _NR30_REG                          **** GX
    _NR31_REG                          **** GX
    _NR32_REG                          **** GX
    _NR33_REG                          **** GX
    _NR34_REG                          **** GX
    _NR41_REG                          **** GX
    _NR42_REG                          **** GX
    _NR43_REG                          **** GX
    _NR44_REG                          **** GX
    _NR50_REG                          **** GX
    _NR51_REG                          **** GX
    _NR52_REG                          **** GX
    _OBP0_REG                          **** GX
    _OBP1_REG                          **** GX
    _OCPD_REG                          **** GX
    _OCPS_REG                          **** GX
    _P1_REG                            **** GX
    _RP_REG                            **** GX
    _SB_REG                            **** GX
    _SCX_REG                           **** GX
    _SCY_REG                           **** GX
    _SC_REG                            **** GX
    _STAT_REG                          **** GX
    _SVBK_REG                          **** GX
  1 _Smiler                            0000 GR
    _TAC_REG                           **** GX
    _TIMA_REG                          **** GX
    _TMA_REG                           **** GX
    _VBK_REG                           **** GX
    _WX_REG                            **** GX
    _WY_REG                            **** GX
  0 ___main_end                        00B0 R
  0 ___main_start                      0000 R
    __cpu                              **** GX
    __io_in                            **** GX
    __io_out                           **** GX
    __io_status                        **** GX
    _delay                             **** GX
    _joypad                            **** GX
  0 _main                              0000 GR
    _move_sprite                       **** GX
    _scroll_sprite                     **** GX
    _set_sprite_data                   **** GX
    _set_sprite_tile                   **** GX
    _sys_time                          **** GX

ASxxxx Assembler V01.75  (GameBoy Z80-like CPU), page 2.

Area Table

   0 _CODE                              size   B0   flags 0
   1 _DATA                              size   20   flags 0
   2 _OVERLAY                           size    0   flags 0
   3 _ISEG                              size    0   flags 0
   4 _BSEG                              size    0   flags 0
   5 _XSEG                              size    0   flags 0
   6 _GSINIT                            size   C0   flags 0
   7 _GSFINAL                           size    0   flags 0
   8 _HOME                              size    0   flags 0
